✔ key survives restart and private files are 0600 (64.058ms)
✔ approval persists public receipt only and repeated boot does not enroll again (88.727ms)
✔ wrong device, challenge, model or unregistered receipt never persists (2.716792ms)
✔ disconnect retries within deadline; expired approval never succeeds (37.995458ms)
✔ an existing factory signing identity is preserved without the factory daemon (3.524ms)
✔ a device key with group or world permissions is refused (3.149834ms)
✔ deferred approval never saves even if approval arrives during cancellation (5.29225ms)
✔ unpublished registration service is distinct from an approval refusal (2.906334ms)
✔ server expiry returns the new-QR recovery state (21.065167ms)
✔ playback tolerates output-device startup loss (32.81225ms)
✔ acoustic code survives offset, attenuation and background noise (15.218541ms)
✔ damaged code, silence and ambient music never authorize or decode (214.420625ms)
✔ ambient audio is quiet, finite and has faded boundaries (58.565333ms)
✔ unmounted Windows disk is eligible, boot USB is never eligible (4.461083ms)
✔ every mounted child, swap, mapper or installer backing disk is refused (0.234959ms)
✔ a changed or newly mounted disk is refused after approval (0.3825ms)
✔ NVMe/eMMC and SATA/virtio partition paths are correct (0.158833ms)
✔ NVMe is refused in BIOS mode before any destructive preparation (0.142916ms)
✔ installed configuration imports the shipped mode without host compilation (0.195875ms)
✔ boot entries use installation UUIDs and replace only previous UUID parameters (1.212417ms)
✔ offline manifest must identify the supported shipped system and labels (0.753041ms)
✔ local setup persists device identity across boot without an account receipt (62.579375ms)
✔ local first-boot choice completes with zero network and registration calls (22.35ms)
✔ network settings in local mode never implicitly start registration (8.875625ms)
✔ corrupt local completion refuses to replace stored identity (11.062916ms)
✔ language selection persists Japanese and English and rejects arbitrary values (2.967125ms)
✔ bundled local setup loads through an etc-style symlink and preserves its identity dependency (13.607416ms)
✔ SSID delimiters and backslashes round trip; strongest duplicate wins (1.876875ms)
✔ Wi-Fi secrets go to stdin, never command arguments; failures do not expose output (0.18775ms)
✔ no NIC and Wi-Fi missing remain actionable and can finish installation offline (0.31775ms)
✔ a saved connection skips password entry and proceeds only after connection confirmation (0.156292ms)
✔ Wi-Fi failure returns to method selection and a second attempt succeeds (0.175833ms)
✔ LAN association without Internet must not be presented as ready for registration (0.118292ms)
✔ cancel Wi-Fi selection returns without connecting or erasing (0.087042ms)
✔ TLS/captive probe failure is not reported as successful connectivity (0.737333ms)
✔ saved connection that becomes ready at the chooser skips scanning and secrets (1.584625ms)
✔ phone approval closes QR before returning the bound account (1.67875ms)
✔ defer aborts poll and leaves no completion message (0.159375ms)
✔ expiry closes QR before actionable error; service failure needs no QR (0.211291ms)
✔ service unavailable offers retry directly, then defer without background claims (2.138417ms)
✔ offline install finishes on a page, connect resumes phone approval and shows owner (0.204791ms)
✔ phone cancellation returns to finished page without silently retrying (0.115958ms)
✔ expired approval closes QR before showing retry options (0.300958ms)
✔ unreadable saved receipt blocks claims but still allows network settings and shutdown (0.276041ms)
✔ network and unexpected registration errors stay in the guide; shutdown failure can retry (1.137959ms)
✔ AI selects only current UI candidates, duplicate utterances execute once (4.079709ms)
✔ arbitrary tool, command, path and model erase requests are refused (0.387792ms)
✔ state changes and invalidation cancel in-flight model results (0.371292ms)
✔ secret spelling never calls model or speaks secret; completion passes to backend only (0.676125ms)
✔ secret cancel clears memory; unknown character is refused (0.131875ms)
✔ destructive consent is fresh, exact, serial-bound and unavailable to model (0.1675ms)
✔ missing serial blocks voice erase, changed target invalidates old confirmation (0.222458ms)
✔ approval sound transport cannot approve an account (0.198083ms)
✔ segmented PCM voice activity uses silence boundary and skips silence (7.686208ms)
✔ voice audio controls are fixed operations and never intercept secret spelling (1.213291ms)
✔ audio control cancels prior disk confirmation instead of carrying consent forward (0.515709ms)
✔ explicit lower case survives ASR returning an uppercase Latin character (0.487291ms)
✔ explicit spoken secret phrases parse without exposing or silently completing empty secrets (0.455458ms)
✔ English punctuation and named symbols do not become accidental password characters (0.09925ms)
ℹ tests 59
ℹ suites 0
ℹ pass 59
ℹ fail 0
ℹ cancelled 0
ℹ skipped 0
ℹ todo 0
ℹ duration_ms 676.318958
