copying path '/nix/store/iy0ifc8fm9sl6n9jzf4az4rqm8sfv3kq-w3m-0.5.6' to 'local'...
copying path '/nix/store/xgp3wxhljs7ry164picqd8g9scwp3llw-nixos-help' to 'local'...
copying path '/nix/store/7n1s2ny7a57xysm3hzjnvi6qma74sadp-nixos-help' to 'local'...
copying path '/nix/store/bzm5b6k23a1zpdbypgfrnyq7qnmgbbca-nixos-generate-config' to 'local'...
copying path '/nix/store/bkjkzxmk97rbx8i5x383hqyx0lh8hlzc-firmware' to 'local'...
copying path '/nix/store/hswyc9zja78kbvg61ka4vj6g68zsdnwj-etc-modprobe.d-firmware.conf' to 'local'...
copying path '/nix/store/j8fnxyagi3vngxdjs433vmljl5sb4h2q-nodejs-22.23.3' to 'local'...
copying path '/nix/store/0sc6nkhh1kga21q6zv3qdamlrgf4vyk0-linux-6.18.53-modules' to 'local'...
copying path '/nix/store/skdxjldkwa4nsqi3vmlc1mnyppxzi6kw-dialog' to 'local'...
copying path '/nix/store/p861ba3xjgmwlhc89yypgg409dnr16ss-gstreamer-1.26.11' to 'local'...
copying path '/nix/store/fdw09ayics8bwzb6k7vr8kfgmwmv35h5-mesa-26.1.8' to 'local'...
copying path '/nix/store/26nvrcq5ammhbqp8x4avfy7k52wy0jdb-nixos-rebuild-ng-26.05' to 'local'...
copying path '/nix/store/zd68z2fc8wvkmp54dmwd26c3hgxpd8zx-python3.13-numpy-2.4.4' to 'local'...
copying path '/nix/store/8lwlp8knv9m2bph1srwc6a0c38kgc26l-systemd-boot' to 'local'...
copying path '/nix/store/0bvaspz4zg42dchkc837y7lbyviv6236-python3.13-tqdm-4.67.1' to 'local'...
copying path '/nix/store/xbvwjbs62gkz2mkkmrnfjjbygcf5pylc-install-systemd-boot.sh' to 'local'...
copying path '/nix/store/x0wy5az9l2bsd9j3kc8famvigbnqk3a1-gst-plugins-base-1.26.11' to 'local'...
copying path '/nix/store/g3dd1b1wjmn2pa895r9b6iq8rvz2qxsa-libcanberra-0.30' to 'local'...
copying path '/nix/store/53m6ydwfimv77vlas3z70np79qkpw0x1-libnice-0.1.22' to 'local'...
copying path '/nix/store/qa6dq9n1xkj2asqswv5gwix48qw1rw26-libcamera-0.7.0' to 'local'...
copying path '/nix/store/h6y56zyixbr4ncvnbdkq56j5w062qhij-pipewire-1.6.6' to 'local'...
copying path '/nix/store/wpdxfpapn613w30cnrg8cjzg3nwwmv7c-openal-soft-1.24.3' to 'local'...
copying path '/nix/store/nkalqlyzhnhzjk09z121zwnhxbpq67d9-all-plugins' to 'local'...
copying path '/nix/store/vska3caanq1p5n3rc9iigv17x7aix0x0-alsa-utils-1.2.14' to 'local'...
copying path '/nix/store/vkqp1lgl5csf3xbdg02bska2l4s9z4as-graphics-drivers' to 'local'...
copying path '/nix/store/2scdzkglb58qsq3q6ckzlkid2pdmd5xx-graphics-driver.conf' to 'local'...
copying path '/nix/store/b9v3ryhdr7b2wkkgzn1i8j6q8m7mjhv3-tmpfiles.d' to 'local'...
copying path '/nix/store/lhnns8qhsyhrz10zsdx3fb6jfv21xvp0-X-Restart-Triggers-systemd-tmpfiles-resetup' to 'local'...
copying path '/nix/store/5yl2lx9ixajsj7s9b2imsnlzf3yncwsm-unit-systemd-tmpfiles-resetup.service' to 'local'...
copying path '/nix/store/dmy908fwcvlwg7ddd352jvvyb3n1n689-gst-plugins-bad-1.26.11' to 'local'...
copying path '/nix/store/8vjzicgpdg6lxkc2dazpgf0974d9556g-udev-rules' to 'local'...
copying path '/nix/store/pdi5hjcspdd17r7iz5iqjh1x7gdcqykl-unit-alsa-store.service' to 'local'...
copying path '/nix/store/mrk9jgxgm66h8490wnc1xb7vi1si5vqx-X-Restart-Triggers-systemd-udevd' to 'local'...
copying path '/nix/store/9rghphkb9w3hfwbcmn477jmx2407m5rj-unit-systemd-udevd.service' to 'local'...
copying path '/nix/store/sbfjpm25ddfzvbqs1p6v72mik7kfvqbw-gtk4-4.22.4' to 'local'...
copying path '/nix/store/h891cagdj41q4rbzpxg3fhxvs58hmrbp-libadwaita-1.9.3' to 'local'...
copying path '/nix/store/k6k1hc3qy5ifqa67fd82m64x478x05g4-murakumo-setup-ui-1' to 'local'...
copying path '/nix/store/carjfy37gxcgnfc1x9yh7nafwbjv8ixb-zenity-4.2.2' to 'local'...
copying path '/nix/store/ybjabcrvxfmcj2c4bagbqi5rv6pxg0gf-python3.13-pyopenjtalk-0.4.1' to 'local'...
copying path '/nix/store/ghjxran09zc477b41bvprak7a8hwdnms-python3-3.13.15-env' to 'local'...
copying path '/nix/store/5nv1nnpns1yg349mxahdcd9w4k5r5923-sdl3-3.4.10-lib' to 'local'...
copying path '/nix/store/42raff43gq1ab8n7p8x4qssyi3xibbnm-sdl3-3.4.10-lib' to 'local'...
copying path '/nix/store/20kc128pdnf4vg5267wxzjx193wq77nj-sdl3-ttf-3.2.2' to 'local'...
copying path '/nix/store/v3bgkwpxj8iydr543a6lvj5w2kndrjg4-sdl2-compat-2.32.68' to 'local'...
copying path '/nix/store/qsfnjpqqrz8vshbz3i6hqw0w46l42w1c-whisper-cpp-1.8.4' to 'local'...
copying path '/nix/store/8z0wnz9skb9hismbm0whhl86dqlmm103-freerdp-3.31.1' to 'local'...
copying path '/nix/store/k420jg71c9xziqpxdvrwhm6bm3xiql6p-aiueos-local-voice' to 'local'...
copying path '/nix/store/2rw2abdpndf6wijhx0cc4dx8gyg2jwfl-weston-15.0.1' to 'local'...
copying path '/nix/store/k0c2f869ls2rdy4pbsgvwp45hphcc6d8-murakumo-console-ui' to 'local'...
copying path '/nix/store/55lvl6m9jvylg1731p0brwps2ld922vk-modemmanager-1.24.2' to 'local'...
copying path '/nix/store/wb35bfr1w9qypgf6rjkrwmmljh6q9nqy-networkmanager-1.56.0' to 'local'...
copying path '/nix/store/hh767c3bbpzg1x4v67hjzy2y5q00nhvw-unit-murakumo-account-link.service' to 'local'...
copying path '/nix/store/c2qf1mv9v9v1s8nfn2f7zmx95kapip1i-system-path' to 'local'...
copying path '/nix/store/hh4wd8cllgzqigzm2l1shn7ll77sm086-X-Restart-Triggers-polkit' to 'local'...
copying path '/nix/store/c7kgxp404shvav8li4cv3ib0q32bdaga-dbus-1' to 'local'...
copying path '/nix/store/4312kbimx5rv3mhfdf4n5vsm3fx7zsml-unit-polkit.service' to 'local'...
copying path '/nix/store/j3bxafqgqnrmsmjwz44dzlxlraajkbv9-X-Restart-Triggers-dbus-broker' to 'local'...
copying path '/nix/store/y431wh8b6i328z0s1f6yx5pjsr8gfgia-unit-dbus-broker.service' to 'local'...
copying path '/nix/store/1vnpw5rd37lr9bxr940ld19fms7kb29w-unit-dbus-broker.service' to 'local'...
copying path '/nix/store/yb9vz0bqfch1iil5f05kny0i7gs7spx4-system-units' to 'local'...
copying path '/nix/store/4cnjn6llr1khhvqnzimg8drxvl8iyjiy-user-units' to 'local'...
copying path '/nix/store/yb81kzhixklxm2pfgvfl2fbjph00qq9x-etc' to 'local'...
copying path '/nix/store/41f51wagm4f4pzv5850n0baq2ydgaa6b-nixos-system-murakumo-node-26.05pre-git' to 'local'...
setting up /etc...
Not checking switch inhibitors (action = boot)
Running in a chroot, enabling --graceful.
Created directory "/boot/EFI".
Created directory "/boot/EFI/systemd".
Created directory "/boot/EFI/BOOT".
Created directory "/boot/loader".
Created directory "/boot/loader/keys".
Created directory "/boot/loader".
Created directory "/boot/loader/entries".
Created directory "/boot/EFI".
Created directory "/boot/EFI/Linux".
Copied "/nix/store/b4b1x5fhxpc78qlclj3kdbl9dd49g917-systemd-260.4/lib/systemd/boot/efi/systemd-bootx64.efi" to "/boot/EFI/systemd/systemd-bootx64.efi".
Copied "/nix/store/b4b1x5fhxpc78qlclj3kdbl9dd49g917-systemd-260.4/lib/systemd/boot/efi/systemd-bootx64.efi" to "/boot/EFI/BOOT/BOOTX64.EFI".
 Mount point '/boot' which backs the random seed file is world accessible, which is a security hole! 
Random seed file '/boot/loader/.#bootctlrandom-seed565ac53053ed3fd2' is world accessible, which is a security hole!
Random seed file /boot/loader/random-seed successfully written (32 bytes).
