copying 0 paths...
TAP version 13
# Subtest: status is bounded and never requests Wi-Fi secrets
ok 1 - status is bounded and never requests Wi-Fi secrets
  ---
  duration_ms: 25.311372
  type: 'test'
  ...
# Subtest: refresh recollects and back leaves the screen
ok 2 - refresh recollects and back leaves the screen
  ---
  duration_ms: 5.581082
  type: 'test'
  ...
# Subtest: service unavailable offers retry directly, then defer without background claims
ok 3 - service unavailable offers retry directly, then defer without background claims
  ---
  duration_ms: 36.931541
  type: 'test'
  ...
# Subtest: offline install finishes on a page, connect resumes phone approval and shows owner
ok 4 - offline install finishes on a page, connect resumes phone approval and shows owner
  ---
  duration_ms: 10.711156
  type: 'test'
  ...
# Subtest: phone cancellation returns to finished page without silently retrying
ok 5 - phone cancellation returns to finished page without silently retrying
  ---
  duration_ms: 4.829071
  type: 'test'
  ...
# Subtest: expired approval closes QR before showing retry options
ok 6 - expired approval closes QR before showing retry options
  ---
  duration_ms: 12.612184
  type: 'test'
  ...
# Subtest: unreadable saved receipt blocks claims but still allows network settings and shutdown
ok 7 - unreadable saved receipt blocks claims but still allows network settings and shutdown
  ---
  duration_ms: 9.052133
  type: 'test'
  ...
# Subtest: network and unexpected registration errors stay in the guide; shutdown failure can retry
ok 8 - network and unexpected registration errors stay in the guide; shutdown failure can retry
  ---
  duration_ms: 11.939175
  type: 'test'
  ...
# Subtest: Node details returns to setup without claiming an account or touching network
ok 9 - Node details returns to setup without claiming an account or touching network
  ---
  duration_ms: 7.034103
  type: 'test'
  ...
1..9
# tests 9
# suites 0
# pass 9
# fail 0
# cancelled 0
# skipped 0
# todo 0
# duration_ms 1732.267377
Node details
Host: nixos
System: NixOS 26.05 (Yarara)
Observed: 2026-10-07T09:14:00.092Z
Uptime: 1129s
CPU: 2 · Load: 0.12 / 0.18 / 0.22
Memory: 3.1 / 3.8 GiB available

Network interfaces
ens5:ethernet:connected
lo:loopback:connected (externally)

Disk usage
Filesystem      Size  Used Avail Use% Mounted on
tmpfs           2.0G   25M  1.9G   2% /

murakumo-account-link.service: inactive
murakumo-ble-controller.service: inactive
murakumo-ble-gatt.service: inactive
tailscaled.service: inactive
NetworkManager.service: active

Account: pending
Distributed jobs, inference and rewards: unverified
VM_NODE_STATUS_RUNTIME_PASS
