Running as unit: setup-original-probe.service
HOSTNAME {
  error: Error: spawnSync hostname ENOENT
      at Object.spawnSync (node:internal/child_process:1120:20)
      at spawnSync (node:child_process:902:24)
      at file:////[eval1]:1:184
      at ModuleJob.run (node:internal/modules/esm/module_job:343:25)
      at async onImport.tracePromise.__proto__ (node:internal/modules/esm/loader:282:26)
      at async ModuleLoader.executeModuleJob (node:internal/modules/esm/loader:278:20)
      at async asyncRunEntryPointWithESMLoader (node:internal/modules/run_main:117:5) {
    errno: -2,
    code: 'ENOENT',
    syscall: 'spawnSync hostname',
    path: 'hostname',
    spawnargs: [ '-I' ]
  },
  status: null,
  signal: null,
  output: null,
  pid: 0,
  stdout: undefined,
  stderr: undefined
}
UPDATE ENOENT: no such file or directory, mkdir '/var/lib/setup-update-qa'
Remote management unavailable. Continue using this screen.
          Finished with result: success
Main processes terminated with: code=exited, status=0/SUCCESS
               Service runtime: 848ms
             CPU time consumed: 788ms
                   Memory peak: 12.3M (swap: 0B)
                      IO Bytes: read 20K
